---
http_interactions:
- request:
    method: get
    uri: http://swift.local:12345/auth/v1.0
    body:
      encoding: US-ASCII
      string: ''
    headers:
      X-Auth-User:
      - test:tester
      X-Auth-Key:
      - testing
  response:
    status:
      code: 200
      message: OK
    headers:
      X-Storage-Url:
      - http://swift.local:12345/v1/AUTH_test
      X-Auth-Token:
      - AUTH_tk4feef1f12df94cf8b61a30386401e7d4
      Content-Type:
      - text/html; charset=UTF-8
      X-Storage-Token:
      - AUTH_tk4feef1f12df94cf8b61a30386401e7d4
      Content-Length:
      - '0'
      X-Trans-Id:
      - tx9a01d264e36141caabb70-0057b5ea42
      Date:
      - Thu, 18 Aug 2016 17:02:58 GMT
    body:
      encoding: UTF-8
      string: ''
    http_version: 
  recorded_at: Thu, 18 Aug 2016 17:02:58 GMT
- request:
    method: put
    uri: http://swift.local:12345/v1/AUTH_test/6bd50496-b725-4210-927f-861756e47cb9
    body:
      encoding: UTF-8
      string: ''
    headers:
      X-Auth-Token:
      - AUTH_tk4feef1f12df94cf8b61a30386401e7d4
      X-Container-Meta-Access-Control-Allow-Origin:
      - "*"
  response:
    status:
      code: 201
      message: Created
    headers:
      Content-Length:
      - '0'
      Content-Type:
      - text/html; charset=UTF-8
      X-Trans-Id:
      - tx12635330154b46f79a2bb-0057b5ea42
      Date:
      - Thu, 18 Aug 2016 17:02:58 GMT
    body:
      encoding: UTF-8
      string: ''
    http_version: 
  recorded_at: Thu, 18 Aug 2016 17:02:58 GMT
- request:
    method: put
    uri: http://swift.local:12345/v1/AUTH_test/6bd50496-b725-4210-927f-861756e47cb9/5163a8eb-3ebc-446d-aa8c-55745b06ae9e/1
    body:
      encoding: UTF-8
      string: this is a chunk
    headers:
      X-Auth-Token:
      - AUTH_tk4feef1f12df94cf8b61a30386401e7d4
  response:
    status:
      code: 201
      message: Created
    headers:
      Last-Modified:
      - Thu, 18 Aug 2016 17:02:59 GMT
      Content-Length:
      - '0'
      Etag:
      - 2b1f638751fa49d7fba5a64fecf48bb2
      Content-Type:
      - text/html; charset=UTF-8
      X-Trans-Id:
      - txa47fa25034a542809ced0-0057b5ea42
      Date:
      - Thu, 18 Aug 2016 17:02:58 GMT
    body:
      encoding: UTF-8
      string: ''
    http_version: 
  recorded_at: Thu, 18 Aug 2016 17:02:58 GMT
- request:
    method: delete
    uri: http://swift.local:12345/v1/AUTH_test/6bd50496-b725-4210-927f-861756e47cb9/5163a8eb-3ebc-446d-aa8c-55745b06ae9e/1
    body:
      encoding: US-ASCII
      string: ''
    headers:
      X-Auth-Token:
      - AUTH_tk4feef1f12df94cf8b61a30386401e7d4
  response:
    status:
      code: 204
      message: No Content
    headers:
      Content-Length:
      - '0'
      Content-Type:
      - text/html; charset=UTF-8
      X-Trans-Id:
      - tx8f3c5ae4a92c4ff1b708a-0057b5ea43
      Date:
      - Thu, 18 Aug 2016 17:02:59 GMT
    body:
      encoding: UTF-8
      string: ''
    http_version: 
  recorded_at: Thu, 18 Aug 2016 17:02:59 GMT
recorded_with: VCR 3.0.3
