---
http_interactions:
- request:
    method: get
    uri: http://swift.local:12345/auth/v1.0
    body:
      encoding: US-ASCII
      string: ''
    headers:
      X-Auth-User:
      - test:tester
      X-Auth-Key:
      - testing
  response:
    status:
      code: 200
      message: OK
    headers:
      X-Storage-Url:
      - http://swift.local:12345/v1/AUTH_test
      X-Auth-Token:
      - AUTH_tk4feef1f12df94cf8b61a30386401e7d4
      Content-Type:
      - text/html; charset=UTF-8
      X-Storage-Token:
      - AUTH_tk4feef1f12df94cf8b61a30386401e7d4
      Content-Length:
      - '0'
      X-Trans-Id:
      - tx3375ed2c3873454186bb4-0057b5ea4a
      Date:
      - Thu, 18 Aug 2016 17:03:06 GMT
    body:
      encoding: UTF-8
      string: ''
    http_version: 
  recorded_at: Thu, 18 Aug 2016 17:03:06 GMT
- request:
    method: put
    uri: http://swift.local:12345/v1/AUTH_test/a68dce66-ed2f-4d27-9daf-2a82f84976b4
    body:
      encoding: UTF-8
      string: ''
    headers:
      X-Auth-Token:
      - AUTH_tk4feef1f12df94cf8b61a30386401e7d4
      X-Container-Meta-Access-Control-Allow-Origin:
      - "*"
  response:
    status:
      code: 201
      message: Created
    headers:
      Content-Length:
      - '0'
      Content-Type:
      - text/html; charset=UTF-8
      X-Trans-Id:
      - txb3b4821431dc48c1bb47f-0057b5ea4a
      Date:
      - Thu, 18 Aug 2016 17:03:06 GMT
    body:
      encoding: UTF-8
      string: ''
    http_version: 
  recorded_at: Thu, 18 Aug 2016 17:03:06 GMT
- request:
    method: put
    uri: http://swift.local:12345/v1/AUTH_test/a68dce66-ed2f-4d27-9daf-2a82f84976b4/3275db11-9bd1-49e9-a789-bb7d12029701/1
    body:
      encoding: UTF-8
      string: this is a chunk
    headers:
      X-Auth-Token:
      - AUTH_tk4feef1f12df94cf8b61a30386401e7d4
  response:
    status:
      code: 201
      message: Created
    headers:
      Last-Modified:
      - Thu, 18 Aug 2016 17:03:07 GMT
      Content-Length:
      - '0'
      Etag:
      - 2b1f638751fa49d7fba5a64fecf48bb2
      Content-Type:
      - text/html; charset=UTF-8
      X-Trans-Id:
      - txa43406bb68e24a9a98563-0057b5ea4a
      Date:
      - Thu, 18 Aug 2016 17:03:06 GMT
    body:
      encoding: UTF-8
      string: ''
    http_version: 
  recorded_at: Thu, 18 Aug 2016 17:03:06 GMT
- request:
    method: get
    uri: http://swift.local:12345/auth/v1.0
    body:
      encoding: US-ASCII
      string: ''
    headers:
      X-Auth-User:
      - test:tester
      X-Auth-Key:
      - testing
  response:
    status:
      code: 200
      message: OK
    headers:
      X-Storage-Url:
      - http://swift.local:12345/v1/AUTH_test
      X-Auth-Token:
      - AUTH_tk4feef1f12df94cf8b61a30386401e7d4
      Content-Type:
      - text/html; charset=UTF-8
      X-Storage-Token:
      - AUTH_tk4feef1f12df94cf8b61a30386401e7d4
      Content-Length:
      - '0'
      X-Trans-Id:
      - txb0eceac5af894eaa950c4-0057b5ea4a
      Date:
      - Thu, 18 Aug 2016 17:03:06 GMT
    body:
      encoding: UTF-8
      string: ''
    http_version: 
  recorded_at: Thu, 18 Aug 2016 17:03:06 GMT
- request:
    method: put
    uri: http://swift.local:12345/v1/AUTH_test/a68dce66-ed2f-4d27-9daf-2a82f84976b4/3275db11-9bd1-49e9-a789-bb7d12029701?multipart-manifest=put
    body:
      encoding: UTF-8
      string: '[{"path":"a68dce66-ed2f-4d27-9daf-2a82f84976b4/3275db11-9bd1-49e9-a789-bb7d12029701/1","etag":"2b1f638751fa49d7fba5a64fecf48bb2","size_bytes":15}]'
    headers:
      X-Auth-Token:
      - AUTH_tk4feef1f12df94cf8b61a30386401e7d4
      Content-Type:
      - text/plain
      Content-Disposition:
      - attachment; filename=consequatur.similique
  response:
    status:
      code: 201
      message: Created
    headers:
      Last-Modified:
      - Thu, 18 Aug 2016 17:03:07 GMT
      Content-Length:
      - '0'
      Etag:
      - '"b77622f6f760a1bed182840a7c02a53c"'
      Content-Type:
      - text/html; charset=UTF-8
      X-Trans-Id:
      - tx71b3f0184ed6485fa7ebc-0057b5ea4a
      Date:
      - Thu, 18 Aug 2016 17:03:06 GMT
    body:
      encoding: UTF-8
      string: ''
    http_version: 
  recorded_at: Thu, 18 Aug 2016 17:03:06 GMT
- request:
    method: head
    uri: http://swift.local:12345/v1/AUTH_test/a68dce66-ed2f-4d27-9daf-2a82f84976b4/3275db11-9bd1-49e9-a789-bb7d12029701
    body:
      encoding: US-ASCII
      string: ''
    headers:
      X-Auth-Token:
      - AUTH_tk4feef1f12df94cf8b61a30386401e7d4
  response:
    status:
      code: 200
      message: OK
    headers:
      Content-Length:
      - '15'
      Content-Disposition:
      - attachment; filename=consequatur.similique
      Accept-Ranges:
      - bytes
      Last-Modified:
      - Thu, 18 Aug 2016 17:03:07 GMT
      Etag:
      - '"b77622f6f760a1bed182840a7c02a53c"'
      X-Timestamp:
      - '1471539786.68039'
      X-Static-Large-Object:
      - 'True'
      Content-Type:
      - text/plain
      X-Trans-Id:
      - tx741c9425fb5d4f33b2ba8-0057b5ea4a
      Date:
      - Thu, 18 Aug 2016 17:03:06 GMT
    body:
      encoding: UTF-8
      string: ''
    http_version: 
  recorded_at: Thu, 18 Aug 2016 17:03:06 GMT
- request:
    method: delete
    uri: http://swift.local:12345/v1/AUTH_test/a68dce66-ed2f-4d27-9daf-2a82f84976b4/3275db11-9bd1-49e9-a789-bb7d12029701/1
    body:
      encoding: US-ASCII
      string: ''
    headers:
      X-Auth-Token:
      - AUTH_tk4feef1f12df94cf8b61a30386401e7d4
  response:
    status:
      code: 204
      message: No Content
    headers:
      Content-Length:
      - '0'
      Content-Type:
      - text/html; charset=UTF-8
      X-Trans-Id:
      - txbed9df0bcaf549eda44b7-0057b5ea4a
      Date:
      - Thu, 18 Aug 2016 17:03:06 GMT
    body:
      encoding: UTF-8
      string: ''
    http_version: 
  recorded_at: Thu, 18 Aug 2016 17:03:06 GMT
recorded_with: VCR 3.0.3
