---
http_interactions:
- request:
    method: get
    uri: http://swift.local:12345/auth/v1.0
    body:
      encoding: US-ASCII
      string: ''
    headers:
      X-Auth-User:
      - test:tester
      X-Auth-Key:
      - testing
  response:
    status:
      code: 200
      message: OK
    headers:
      X-Storage-Url:
      - http://swift.local:12345/v1/AUTH_test
      X-Auth-Token:
      - AUTH_tkd7c38cd248d442bd8e40a1fc2e74938f
      Content-Type:
      - text/html; charset=UTF-8
      X-Storage-Token:
      - AUTH_tkd7c38cd248d442bd8e40a1fc2e74938f
      Content-Length:
      - '0'
      X-Trans-Id:
      - txc7eec01dbfdb40388b1e9-0059a6c2fc
      Date:
      - Wed, 30 Aug 2017 13:51:56 GMT
    body:
      encoding: UTF-8
      string: ''
    http_version: 
  recorded_at: Wed, 30 Aug 2017 13:51:56 GMT
- request:
    method: post
    uri: http://swift.local:12345/v1/AUTH_test
    body:
      encoding: UTF-8
      string: ''
    headers:
      X-Auth-Token:
      - AUTH_tkd7c38cd248d442bd8e40a1fc2e74938f
      X-Account-Meta-Temp-Url-Key:
      - 06d58dd9e3951f6bf15c3c3d2a97049d
      X-Account-Meta-Temp-Url-Key-2:
      - c92a94c460f564eb861ca1ed9d2f21a0
  response:
    status:
      code: 204
      message: No Content
    headers:
      Content-Length:
      - '0'
      Content-Type:
      - text/html; charset=UTF-8
      X-Trans-Id:
      - tx78000485b1dc4da3a6bc6-0059a6c2fc
      Date:
      - Wed, 30 Aug 2017 13:51:56 GMT
    body:
      encoding: UTF-8
      string: ''
    http_version: 
  recorded_at: Wed, 30 Aug 2017 13:51:56 GMT
- request:
    method: get
    uri: http://swift.local:12345/auth/v1.0
    body:
      encoding: US-ASCII
      string: ''
    headers:
      X-Auth-User:
      - test:tester
      X-Auth-Key:
      - testing
  response:
    status:
      code: 200
      message: OK
    headers:
      X-Storage-Url:
      - http://swift.local:12345/v1/AUTH_test
      X-Auth-Token:
      - AUTH_tkd7c38cd248d442bd8e40a1fc2e74938f
      Content-Type:
      - text/html; charset=UTF-8
      X-Storage-Token:
      - AUTH_tkd7c38cd248d442bd8e40a1fc2e74938f
      Content-Length:
      - '0'
      X-Trans-Id:
      - tx8a82f002c8554d8181029-0059a6c2fc
      Date:
      - Wed, 30 Aug 2017 13:51:56 GMT
    body:
      encoding: UTF-8
      string: ''
    http_version: 
  recorded_at: Wed, 30 Aug 2017 13:51:56 GMT
- request:
    method: get
    uri: http://swift.local:12345/v1/AUTH_test
    body:
      encoding: US-ASCII
      string: ''
    headers:
      X-Auth-Token:
      - AUTH_tkd7c38cd248d442bd8e40a1fc2e74938f
  response:
    status:
      code: 204
      message: No Content
    headers:
      Content-Length:
      - '0'
      X-Account-Object-Count:
      - '0'
      X-Account-Meta-Temp-Url-Key-2:
      - c92a94c460f564eb861ca1ed9d2f21a0
      X-Timestamp:
      - '1504101115.18114'
      X-Account-Meta-Temp-Url-Key:
      - 06d58dd9e3951f6bf15c3c3d2a97049d
      X-Account-Bytes-Used:
      - '0'
      X-Account-Container-Count:
      - '0'
      Content-Type:
      - text/plain; charset=utf-8
      Accept-Ranges:
      - bytes
      X-Trans-Id:
      - tx61a2ff09c5034ef0a7981-0059a6c2fc
      Date:
      - Wed, 30 Aug 2017 13:51:56 GMT
    body:
      encoding: UTF-8
      string: ''
    http_version: 
  recorded_at: Wed, 30 Aug 2017 13:51:56 GMT
recorded_with: VCR 3.0.3
