---
http_interactions:
- request:
    method: get
    uri: http://swift.local:12345/auth/v1.0
    body:
      encoding: US-ASCII
      string: ''
    headers:
      X-Auth-User:
      - test:tester
      X-Auth-Key:
      - testing
  response:
    status:
      code: 200
      message: OK
    headers:
      X-Storage-Url:
      - http://swift.local:12345/v1/AUTH_test
      X-Auth-Token:
      - AUTH_tkea2586f2a4114dfd81cca926d6797c0b
      Content-Type:
      - text/html; charset=UTF-8
      X-Storage-Token:
      - AUTH_tkea2586f2a4114dfd81cca926d6797c0b
      Content-Length:
      - '0'
      X-Trans-Id:
      - tx3baa04179c194e8aa9a04-005ad8c56b
      Date:
      - Thu, 19 Apr 2018 16:35:55 GMT
    body:
      encoding: UTF-8
      string: ''
    http_version: 
  recorded_at: Thu, 19 Apr 2018 16:35:55 GMT
- request:
    method: post
    uri: http://swift.local:12345/v1/AUTH_test
    body:
      encoding: UTF-8
      string: ''
    headers:
      X-Auth-Token:
      - AUTH_tkea2586f2a4114dfd81cca926d6797c0b
      X-Account-Meta-Temp-Url-Key:
      - d7cad3acf22c6536fcc8d36225a56d80
      X-Account-Meta-Temp-Url-Key-2:
      - ab7c7f9b84ad6af269f6a46ec61b6555
  response:
    status:
      code: 204
      message: No Content
    headers:
      Content-Length:
      - '0'
      Content-Type:
      - text/html; charset=UTF-8
      X-Trans-Id:
      - txe3ad413a1f88451b90139-005ad8c56b
      Date:
      - Thu, 19 Apr 2018 16:35:55 GMT
    body:
      encoding: UTF-8
      string: ''
    http_version: 
  recorded_at: Thu, 19 Apr 2018 16:35:55 GMT
- request:
    method: put
    uri: http://swift.local:12345/v1/AUTH_test/de800d06-7d7e-475d-9f2b-70fc269e9016
    body:
      encoding: UTF-8
      string: ''
    headers:
      X-Auth-Token:
      - AUTH_tkea2586f2a4114dfd81cca926d6797c0b
      X-Container-Meta-Access-Control-Allow-Origin:
      - "*"
  response:
    status:
      code: 201
      message: Created
    headers:
      Content-Length:
      - '0'
      Content-Type:
      - text/html; charset=UTF-8
      X-Trans-Id:
      - tx581a4c33ba1a4a97ba5aa-005ad8c56b
      Date:
      - Thu, 19 Apr 2018 16:35:55 GMT
    body:
      encoding: UTF-8
      string: ''
    http_version: 
  recorded_at: Thu, 19 Apr 2018 16:35:55 GMT
- request:
    method: put
    uri: http://swift.local:12345/v1/AUTH_test/de800d06-7d7e-475d-9f2b-70fc269e9016/17fb6d80-dd78-4e7e-b0bd-6916aa7fccbe/1
    body:
      encoding: UTF-8
      string: some random chunk
    headers:
      X-Auth-Token:
      - AUTH_tkea2586f2a4114dfd81cca926d6797c0b
  response:
    status:
      code: 201
      message: Created
    headers:
      Last-Modified:
      - Thu, 19 Apr 2018 16:35:56 GMT
      Content-Length:
      - '0'
      Etag:
      - 8a8d11f83f5846788f3ee8aab1fc90e9
      Content-Type:
      - text/html; charset=UTF-8
      X-Trans-Id:
      - tx9cc78aa8fd2642e88ba8b-005ad8c56b
      Date:
      - Thu, 19 Apr 2018 16:35:55 GMT
    body:
      encoding: UTF-8
      string: ''
    http_version: 
  recorded_at: Thu, 19 Apr 2018 16:35:55 GMT
- request:
    method: get
    uri: http://swift.local:12345/v1/AUTH_test/de800d06-7d7e-475d-9f2b-70fc269e9016/17fb6d80-dd78-4e7e-b0bd-6916aa7fccbe/1
    body:
      encoding: US-ASCII
      string: ''
    headers:
      X-Auth-Token:
      - AUTH_tkea2586f2a4114dfd81cca926d6797c0b
  response:
    status:
      code: 200
      message: OK
    headers:
      Content-Length:
      - '17'
      Accept-Ranges:
      - bytes
      Last-Modified:
      - Thu, 19 Apr 2018 16:35:56 GMT
      Etag:
      - 8a8d11f83f5846788f3ee8aab1fc90e9
      X-Timestamp:
      - '1524155755.24180'
      Content-Type:
      - application/x-www-form-urlencoded
      X-Trans-Id:
      - tx2e38e9895b0948d89245b-005ad8c56b
      Date:
      - Thu, 19 Apr 2018 16:35:55 GMT
    body:
      encoding: UTF-8
      string: some random chunk
    http_version: 
  recorded_at: Thu, 19 Apr 2018 16:35:55 GMT
- request:
    method: get
    uri: http://swift.local:12345/auth/v1.0
    body:
      encoding: US-ASCII
      string: ''
    headers:
      X-Auth-User:
      - lue
      X-Auth-Key:
      - testing
  response:
    status:
      code: 401
      message: Unauthorized
    headers:
      Content-Length:
      - '131'
      Content-Type:
      - text/html; charset=UTF-8
      Www-Authenticate:
      - Swift realm="unknown"
      X-Trans-Id:
      - txfeb02d5166944f48aa130-005ad8c56b
      Date:
      - Thu, 19 Apr 2018 16:35:55 GMT
    body:
      encoding: UTF-8
      string: "<html><h1>Unauthorized</h1><p>This server could not verify that you
        are authorized to access the document you requested.</p></html>"
    http_version: 
  recorded_at: Thu, 19 Apr 2018 16:35:55 GMT
- request:
    method: get
    uri: http://swift.local:12345/v1/AUTH_test/de800d06-7d7e-475d-9f2b-70fc269e9016/17fb6d80-dd78-4e7e-b0bd-6916aa7fccbe/1
    body:
      encoding: US-ASCII
      string: ''
    headers:
      X-Auth-Token:
      - AUTH_tkea2586f2a4114dfd81cca926d6797c0b
  response:
    status:
      code: 200
      message: OK
    headers:
      Content-Length:
      - '17'
      Accept-Ranges:
      - bytes
      Last-Modified:
      - Thu, 19 Apr 2018 16:35:56 GMT
      Etag:
      - 8a8d11f83f5846788f3ee8aab1fc90e9
      X-Timestamp:
      - '1524155755.24180'
      Content-Type:
      - application/x-www-form-urlencoded
      X-Trans-Id:
      - tx3c949016787b4ca0b3a98-005ad8c56b
      Date:
      - Thu, 19 Apr 2018 16:35:55 GMT
    body:
      encoding: UTF-8
      string: some random chunk
    http_version: 
  recorded_at: Thu, 19 Apr 2018 16:35:55 GMT
recorded_with: VCR 4.0.0
