---
http_interactions:
- request:
    method: get
    uri: http://192.168.99.100:12345/auth/v1.0
    body:
      encoding: US-ASCII
      string: ''
    headers:
      X-Auth-User:
      - test:tester
      X-Auth-Key:
      - testing
  response:
    status:
      code: 200
      message: OK
    headers:
      X-Storage-Url:
      - http://192.168.99.100:12345/v1/AUTH_test
      X-Auth-Token:
      - AUTH_tk8c20c605ff4c4c8b8fd847531890b220
      Content-Type:
      - text/html; charset=UTF-8
      X-Storage-Token:
      - AUTH_tk8c20c605ff4c4c8b8fd847531890b220
      Content-Length:
      - '0'
      X-Trans-Id:
      - txd1f44b4154984e469498f-0056d61716
      Date:
      - Tue, 01 Mar 2016 22:26:30 GMT
    body:
      encoding: UTF-8
      string: ''
    http_version: 
  recorded_at: Tue, 01 Mar 2016 22:26:30 GMT
- request:
    method: put
    uri: http://192.168.99.100:12345/v1/AUTH_test/598b360d-8c1d-404b-95e7-42dad610f303
    body:
      encoding: UTF-8
      string: ''
    headers:
      X-Auth-Token:
      - AUTH_tk8c20c605ff4c4c8b8fd847531890b220
      X-Container-Meta-Access-Control-Allow-Origin:
      - "*"
  response:
    status:
      code: 201
      message: Created
    headers:
      Content-Length:
      - '0'
      Content-Type:
      - text/html; charset=UTF-8
      X-Trans-Id:
      - txd72cf7b23b0f432591beb-0056d61716
      Date:
      - Tue, 01 Mar 2016 22:26:30 GMT
    body:
      encoding: UTF-8
      string: ''
    http_version: 
  recorded_at: Tue, 01 Mar 2016 22:26:30 GMT
- request:
    method: put
    uri: http://192.168.99.100:12345/v1/AUTH_test/598b360d-8c1d-404b-95e7-42dad610f303/25c76ca3-f8e2-433b-8207-bed5762ef76b/1
    body:
      encoding: UTF-8
      string: this is a chunk
    headers:
      X-Auth-Token:
      - AUTH_tk8c20c605ff4c4c8b8fd847531890b220
  response:
    status:
      code: 201
      message: Created
    headers:
      Last-Modified:
      - Tue, 01 Mar 2016 22:26:31 GMT
      Content-Length:
      - '0'
      Etag:
      - 2b1f638751fa49d7fba5a64fecf48bb2
      Content-Type:
      - text/html; charset=UTF-8
      X-Trans-Id:
      - txacf376d5f31d424d8a0e4-0056d61716
      Date:
      - Tue, 01 Mar 2016 22:26:30 GMT
    body:
      encoding: UTF-8
      string: ''
    http_version: 
  recorded_at: Tue, 01 Mar 2016 22:26:30 GMT
- request:
    method: delete
    uri: http://192.168.99.100:12345/v1/AUTH_test/598b360d-8c1d-404b-95e7-42dad610f303/25c76ca3-f8e2-433b-8207-bed5762ef76b/1?multipart-manifest=delete
    body:
      encoding: US-ASCII
      string: ''
    headers:
      X-Auth-Token:
      - AUTH_tk8c20c605ff4c4c8b8fd847531890b220
  response:
    status:
      code: 200
      message: OK
    headers:
      Content-Type:
      - text/plain
      X-Trans-Id:
      - tx427630520d4b455da595e-0056d61716
      Date:
      - Tue, 01 Mar 2016 22:26:30 GMT
      Transfer-Encoding:
      - chunked
    body:
      encoding: UTF-8
      string: "Number Deleted: 0\nNumber Not Found: 0\nResponse Body: \nResponse Status:
        400 Bad Request\nErrors:\n/598b360d-8c1d-404b-95e7-42dad610f303/25c76ca3-f8e2-433b-8207-bed5762ef76b/1,
        Not an SLO manifest"
    http_version: 
  recorded_at: Tue, 01 Mar 2016 22:26:30 GMT
recorded_with: VCR 3.0.0
