---
http_interactions:
- request:
    method: get
    uri: http://192.168.99.100:12345/auth/v1.0
    body:
      encoding: US-ASCII
      string: ''
    headers:
      X-Auth-User:
      - test:tester
      X-Auth-Key:
      - testing
  response:
    status:
      code: 200
      message: OK
    headers:
      X-Storage-Url:
      - http://192.168.99.100:12345/v1/AUTH_test
      X-Auth-Token:
      - AUTH_tk44c4cfa46ef24765804c5c5db6585701
      Content-Type:
      - text/html; charset=UTF-8
      X-Storage-Token:
      - AUTH_tk44c4cfa46ef24765804c5c5db6585701
      Content-Length:
      - '0'
      X-Trans-Id:
      - tx7577e0d2663b4cb2b72ec-0056e7179b
      Date:
      - Mon, 14 Mar 2016 19:57:15 GMT
    body:
      encoding: UTF-8
      string: ''
    http_version: 
  recorded_at: Mon, 14 Mar 2016 19:57:15 GMT
- request:
    method: put
    uri: http://192.168.99.100:12345/v1/AUTH_test/6bf0de68-e82c-42aa-baf2-51c8edc13d21
    body:
      encoding: UTF-8
      string: ''
    headers:
      X-Auth-Token:
      - AUTH_tk44c4cfa46ef24765804c5c5db6585701
      X-Container-Meta-Access-Control-Allow-Origin:
      - "*"
  response:
    status:
      code: 201
      message: Created
    headers:
      Content-Length:
      - '0'
      Content-Type:
      - text/html; charset=UTF-8
      X-Trans-Id:
      - txfa692bdbf54e4c7287378-0056e7179b
      Date:
      - Mon, 14 Mar 2016 19:57:15 GMT
    body:
      encoding: UTF-8
      string: ''
    http_version: 
  recorded_at: Mon, 14 Mar 2016 19:57:15 GMT
- request:
    method: put
    uri: http://192.168.99.100:12345/v1/AUTH_test/6bf0de68-e82c-42aa-baf2-51c8edc13d21/a0745031-3e42-4fe4-8fbf-db92cbf48628/1
    body:
      encoding: UTF-8
      string: this is a chunk
    headers:
      X-Auth-Token:
      - AUTH_tk44c4cfa46ef24765804c5c5db6585701
  response:
    status:
      code: 201
      message: Created
    headers:
      Last-Modified:
      - Mon, 14 Mar 2016 19:57:16 GMT
      Content-Length:
      - '0'
      Etag:
      - 2b1f638751fa49d7fba5a64fecf48bb2
      Content-Type:
      - text/html; charset=UTF-8
      X-Trans-Id:
      - txa88db0b9b00d4c2193f45-0056e7179b
      Date:
      - Mon, 14 Mar 2016 19:57:15 GMT
    body:
      encoding: UTF-8
      string: ''
    http_version: 
  recorded_at: Mon, 14 Mar 2016 19:57:15 GMT
- request:
    method: get
    uri: http://192.168.99.100:12345/auth/v1.0
    body:
      encoding: US-ASCII
      string: ''
    headers:
      X-Auth-User:
      - test:tester
      X-Auth-Key:
      - testing
  response:
    status:
      code: 200
      message: OK
    headers:
      X-Storage-Url:
      - http://192.168.99.100:12345/v1/AUTH_test
      X-Auth-Token:
      - AUTH_tk44c4cfa46ef24765804c5c5db6585701
      Content-Type:
      - text/html; charset=UTF-8
      X-Storage-Token:
      - AUTH_tk44c4cfa46ef24765804c5c5db6585701
      Content-Length:
      - '0'
      X-Trans-Id:
      - tx52a6cc8c656c4cf693ef8-0056e7179c
      Date:
      - Mon, 14 Mar 2016 19:57:16 GMT
    body:
      encoding: UTF-8
      string: ''
    http_version: 
  recorded_at: Mon, 14 Mar 2016 19:57:16 GMT
- request:
    method: put
    uri: http://192.168.99.100:12345/v1/AUTH_test/6bf0de68-e82c-42aa-baf2-51c8edc13d21/a0745031-3e42-4fe4-8fbf-db92cbf48628?multipart-manifest=put
    body:
      encoding: UTF-8
      string: '[{"path":"6bf0de68-e82c-42aa-baf2-51c8edc13d21/a0745031-3e42-4fe4-8fbf-db92cbf48628/1","etag":"NOTTHECOMPUTEDHASH","size_bytes":15}]'
    headers:
      X-Auth-Token:
      - AUTH_tk44c4cfa46ef24765804c5c5db6585701
      Content-Type:
      - text/plain
      Content-Disposition:
      - attachment; filename=aut_quibusdam
  response:
    status:
      code: 400
      message: Bad Request
    headers:
      Content-Length:
      - '98'
      Content-Type:
      - text/plain
      X-Trans-Id:
      - tx27c87be8158143e3bc46c-0056e7179c
      Date:
      - Mon, 14 Mar 2016 19:57:16 GMT
    body:
      encoding: UTF-8
      string: |-
        Errors:
        6bf0de68-e82c-42aa-baf2-51c8edc13d21/a0745031-3e42-4fe4-8fbf-db92cbf48628/1, Etag Mismatch
    http_version: 
  recorded_at: Mon, 14 Mar 2016 19:57:16 GMT
- request:
    method: delete
    uri: http://192.168.99.100:12345/v1/AUTH_test/6bf0de68-e82c-42aa-baf2-51c8edc13d21/a0745031-3e42-4fe4-8fbf-db92cbf48628/1?multipart-manifest=delete
    body:
      encoding: US-ASCII
      string: ''
    headers:
      X-Auth-Token:
      - AUTH_tk44c4cfa46ef24765804c5c5db6585701
  response:
    status:
      code: 200
      message: OK
    headers:
      Content-Type:
      - text/plain
      X-Trans-Id:
      - tx50382ff3adae44eab25f1-0056e7179c
      Date:
      - Mon, 14 Mar 2016 19:57:16 GMT
      Transfer-Encoding:
      - chunked
    body:
      encoding: UTF-8
      string: "Number Deleted: 0\nNumber Not Found: 0\nResponse Body: \nResponse Status:
        400 Bad Request\nErrors:\n/6bf0de68-e82c-42aa-baf2-51c8edc13d21/a0745031-3e42-4fe4-8fbf-db92cbf48628/1,
        Not an SLO manifest"
    http_version: 
  recorded_at: Mon, 14 Mar 2016 19:57:16 GMT
recorded_with: VCR 3.0.0
