---
http_interactions:
- request:
    method: get
    uri: http://192.168.99.100:12345/auth/v1.0
    body:
      encoding: US-ASCII
      string: ''
    headers:
      X-Auth-User:
      - test:tester
      X-Auth-Key:
      - testing
  response:
    status:
      code: 200
      message: OK
    headers:
      X-Storage-Url:
      - http://192.168.99.100:12345/v1/AUTH_test
      X-Auth-Token:
      - AUTH_tk873232b138f0496680a71aa498ea3103
      Content-Type:
      - text/html; charset=UTF-8
      X-Storage-Token:
      - AUTH_tk873232b138f0496680a71aa498ea3103
      Content-Length:
      - '0'
      X-Trans-Id:
      - tx3c7a3ea4cd9d4d468668e-005671bc44
      Date:
      - Wed, 16 Dec 2015 19:32:20 GMT
    body:
      encoding: UTF-8
      string: ''
    http_version: 
  recorded_at: Wed, 16 Dec 2015 19:32:20 GMT
- request:
    method: put
    uri: http://192.168.99.100:12345/v1/AUTH_test/545d0020-1ab6-43f0-ab1c-9f7fed6190c0
    body:
      encoding: UTF-8
      string: ''
    headers:
      X-Auth-Token:
      - AUTH_tk873232b138f0496680a71aa498ea3103
      X-Container-Meta-Access-Control-Allow-Origin:
      - "*"
  response:
    status:
      code: 201
      message: Created
    headers:
      Content-Length:
      - '0'
      Content-Type:
      - text/html; charset=UTF-8
      X-Trans-Id:
      - tx88d672f0172440bf9ce49-005671bc44
      Date:
      - Wed, 16 Dec 2015 19:32:20 GMT
    body:
      encoding: UTF-8
      string: ''
    http_version: 
  recorded_at: Wed, 16 Dec 2015 19:32:20 GMT
- request:
    method: put
    uri: http://192.168.99.100:12345/v1/AUTH_test/545d0020-1ab6-43f0-ab1c-9f7fed6190c0/96807da3-73c9-4e09-b337-b2c9112d6e5a/1
    body:
      encoding: UTF-8
      string: this is a chunk
    headers:
      X-Auth-Token:
      - AUTH_tk873232b138f0496680a71aa498ea3103
  response:
    status:
      code: 201
      message: Created
    headers:
      Last-Modified:
      - Wed, 16 Dec 2015 19:32:21 GMT
      Content-Length:
      - '0'
      Etag:
      - 2b1f638751fa49d7fba5a64fecf48bb2
      Content-Type:
      - text/html; charset=UTF-8
      X-Trans-Id:
      - tx1006bca314f145b4817d8-005671bc44
      Date:
      - Wed, 16 Dec 2015 19:32:20 GMT
    body:
      encoding: UTF-8
      string: ''
    http_version: 
  recorded_at: Wed, 16 Dec 2015 19:32:20 GMT
- request:
    method: put
    uri: http://192.168.99.100:12345/v1/AUTH_test/545d0020-1ab6-43f0-ab1c-9f7fed6190c0/96807da3-73c9-4e09-b337-b2c9112d6e5a?multipart-manifest=put
    body:
      encoding: UTF-8
      string: '[{"path":"545d0020-1ab6-43f0-ab1c-9f7fed6190c0/96807da3-73c9-4e09-b337-b2c9112d6e5a/1","etag":"NOTTHECOMPUTEDHASH","size_bytes":15}]'
    headers:
      X-Auth-Token:
      - AUTH_tk873232b138f0496680a71aa498ea3103
  response:
    status:
      code: 400
      message: Bad Request
    headers:
      Content-Length:
      - '98'
      Content-Type:
      - text/plain
      X-Trans-Id:
      - tx4a44b557090043e9bf534-005671bc44
      Date:
      - Wed, 16 Dec 2015 19:32:20 GMT
    body:
      encoding: UTF-8
      string: |-
        Errors:
        545d0020-1ab6-43f0-ab1c-9f7fed6190c0/96807da3-73c9-4e09-b337-b2c9112d6e5a/1, Etag Mismatch
    http_version: 
  recorded_at: Wed, 16 Dec 2015 19:32:20 GMT
- request:
    method: get
    uri: http://192.168.99.100:12345/auth/v1.0
    body:
      encoding: US-ASCII
      string: ''
    headers:
      X-Auth-User:
      - test:tester
      X-Auth-Key:
      - testing
  response:
    status:
      code: 200
      message: OK
    headers:
      X-Storage-Url:
      - http://192.168.99.100:12345/v1/AUTH_test
      X-Auth-Token:
      - AUTH_tk873232b138f0496680a71aa498ea3103
      Content-Type:
      - text/html; charset=UTF-8
      X-Storage-Token:
      - AUTH_tk873232b138f0496680a71aa498ea3103
      Content-Length:
      - '0'
      X-Trans-Id:
      - txa664f2907df143b89111f-005671bc44
      Date:
      - Wed, 16 Dec 2015 19:32:20 GMT
    body:
      encoding: UTF-8
      string: ''
    http_version: 
  recorded_at: Wed, 16 Dec 2015 19:32:20 GMT
- request:
    method: delete
    uri: http://192.168.99.100:12345/v1/AUTH_test/545d0020-1ab6-43f0-ab1c-9f7fed6190c0/96807da3-73c9-4e09-b337-b2c9112d6e5a/1?multipart-manifest=delete
    body:
      encoding: US-ASCII
      string: ''
    headers:
      X-Auth-Token:
      - AUTH_tk873232b138f0496680a71aa498ea3103
  response:
    status:
      code: 200
      message: OK
    headers:
      Content-Type:
      - text/plain
      X-Trans-Id:
      - tx54d630fef82549e4b694c-005671bc44
      Date:
      - Wed, 16 Dec 2015 19:32:20 GMT
      Transfer-Encoding:
      - chunked
    body:
      encoding: UTF-8
      string: "Number Deleted: 0\nNumber Not Found: 0\nResponse Body: \nResponse Status:
        400 Bad Request\nErrors:\n/545d0020-1ab6-43f0-ab1c-9f7fed6190c0/96807da3-73c9-4e09-b337-b2c9112d6e5a/1,
        Not an SLO manifest"
    http_version: 
  recorded_at: Wed, 16 Dec 2015 19:32:20 GMT
recorded_with: VCR 3.0.0
