---
http_interactions:
- request:
    method: get
    uri: http://swift.local:12345/auth/v1.0
    body:
      encoding: US-ASCII
      string: ''
    headers:
      X-Auth-User:
      - test:tester
      X-Auth-Key:
      - testing
  response:
    status:
      code: 200
      message: OK
    headers:
      X-Storage-Url:
      - http://swift.local:12345/v1/AUTH_test
      X-Auth-Token:
      - AUTH_tkbf3d80ad495e47b385074708d3760c9d
      Content-Type:
      - text/html; charset=UTF-8
      X-Storage-Token:
      - AUTH_tkbf3d80ad495e47b385074708d3760c9d
      Content-Length:
      - '0'
      X-Trans-Id:
      - tx866097ac6b4b4ba2906de-0059f72eae
      Date:
      - Mon, 30 Oct 2017 13:52:46 GMT
    body:
      encoding: UTF-8
      string: ''
    http_version: 
  recorded_at: Mon, 30 Oct 2017 13:52:46 GMT
- request:
    method: put
    uri: http://swift.local:12345/v1/AUTH_test/ad8e70ef-bc92-4d98-9a4c-96a9174d286e
    body:
      encoding: UTF-8
      string: ''
    headers:
      X-Auth-Token:
      - AUTH_tkbf3d80ad495e47b385074708d3760c9d
      X-Container-Meta-Access-Control-Allow-Origin:
      - "*"
  response:
    status:
      code: 201
      message: Created
    headers:
      Content-Length:
      - '0'
      Content-Type:
      - text/html; charset=UTF-8
      X-Trans-Id:
      - tx3869d44079d64b4390587-0059f72eae
      Date:
      - Mon, 30 Oct 2017 13:52:46 GMT
    body:
      encoding: UTF-8
      string: ''
    http_version: 
  recorded_at: Mon, 30 Oct 2017 13:52:46 GMT
- request:
    method: put
    uri: http://swift.local:12345/v1/AUTH_test/ad8e70ef-bc92-4d98-9a4c-96a9174d286e/f3285dd6-165c-4dab-84b3-1fb47ec39803/1
    body:
      encoding: UTF-8
      string: this is a chunk
    headers:
      X-Auth-Token:
      - AUTH_tkbf3d80ad495e47b385074708d3760c9d
  response:
    status:
      code: 201
      message: Created
    headers:
      Last-Modified:
      - Mon, 30 Oct 2017 13:52:47 GMT
      Content-Length:
      - '0'
      Etag:
      - 2b1f638751fa49d7fba5a64fecf48bb2
      Content-Type:
      - text/html; charset=UTF-8
      X-Trans-Id:
      - tx6be88cebaba9408ba2c6c-0059f72eae
      Date:
      - Mon, 30 Oct 2017 13:52:46 GMT
    body:
      encoding: UTF-8
      string: ''
    http_version: 
  recorded_at: Mon, 30 Oct 2017 13:52:46 GMT
- request:
    method: put
    uri: http://swift.local:12345/v1/AUTH_test/ad8e70ef-bc92-4d98-9a4c-96a9174d286e/f3285dd6-165c-4dab-84b3-1fb47ec39803?multipart-manifest=put
    body:
      encoding: UTF-8
      string: '[{"path":"ad8e70ef-bc92-4d98-9a4c-96a9174d286e/f3285dd6-165c-4dab-84b3-1fb47ec39803/1","etag":"2b1f638751fa49d7fba5a64fecf48bb2","size_bytes":15}]'
    headers:
      X-Auth-Token:
      - AUTH_tkbf3d80ad495e47b385074708d3760c9d
      Content-Type:
      - text/plain
      Content-Disposition:
      - attachment; filename=quidem_aut_131
  response:
    status:
      code: 201
      message: Created
    headers:
      Last-Modified:
      - Mon, 30 Oct 2017 13:52:48 GMT
      Content-Length:
      - '0'
      Etag:
      - '"b77622f6f760a1bed182840a7c02a53c"'
      Content-Type:
      - text/html; charset=UTF-8
      X-Trans-Id:
      - tx3d25c614e9894063b4e3e-0059f72eaf
      Date:
      - Mon, 30 Oct 2017 13:52:47 GMT
    body:
      encoding: UTF-8
      string: ''
    http_version: 
  recorded_at: Mon, 30 Oct 2017 13:52:47 GMT
- request:
    method: head
    uri: http://swift.local:12345/v1/AUTH_test/ad8e70ef-bc92-4d98-9a4c-96a9174d286e/f3285dd6-165c-4dab-84b3-1fb47ec39803
    body:
      encoding: US-ASCII
      string: ''
    headers:
      X-Auth-Token:
      - AUTH_tkbf3d80ad495e47b385074708d3760c9d
  response:
    status:
      code: 200
      message: OK
    headers:
      Content-Length:
      - '15'
      Content-Disposition:
      - attachment; filename=quidem_aut_131
      Accept-Ranges:
      - bytes
      Last-Modified:
      - Mon, 30 Oct 2017 13:52:48 GMT
      Etag:
      - '"b77622f6f760a1bed182840a7c02a53c"'
      X-Timestamp:
      - '1509371567.05924'
      X-Static-Large-Object:
      - 'True'
      Content-Type:
      - text/plain
      X-Trans-Id:
      - txd914960455264779821fa-0059f72eaf
      Date:
      - Mon, 30 Oct 2017 13:52:47 GMT
    body:
      encoding: UTF-8
      string: ''
    http_version: 
  recorded_at: Mon, 30 Oct 2017 13:52:47 GMT
- request:
    method: head
    uri: http://swift.local:12345/v1/AUTH_test/ad8e70ef-bc92-4d98-9a4c-96a9174d286e/f3285dd6-165c-4dab-84b3-1fb47ec39803
    body:
      encoding: US-ASCII
      string: ''
    headers:
      X-Auth-Token:
      - AUTH_tkbf3d80ad495e47b385074708d3760c9d
  response:
    status:
      code: 200
      message: OK
    headers:
      Content-Length:
      - '15'
      Content-Disposition:
      - attachment; filename=quidem_aut_131
      Accept-Ranges:
      - bytes
      Last-Modified:
      - Mon, 30 Oct 2017 13:52:48 GMT
      Etag:
      - '"b77622f6f760a1bed182840a7c02a53c"'
      X-Timestamp:
      - '1509371567.05924'
      X-Static-Large-Object:
      - 'True'
      Content-Type:
      - text/plain
      X-Trans-Id:
      - tx1b571aa059854f0abf251-0059f72eaf
      Date:
      - Mon, 30 Oct 2017 13:52:47 GMT
    body:
      encoding: UTF-8
      string: ''
    http_version: 
  recorded_at: Mon, 30 Oct 2017 13:52:47 GMT
- request:
    method: head
    uri: http://swift.local:12345/v1/AUTH_test/ad8e70ef-bc92-4d98-9a4c-96a9174d286e/f3285dd6-165c-4dab-84b3-1fb47ec39803/1
    body:
      encoding: US-ASCII
      string: ''
    headers:
      X-Auth-Token:
      - AUTH_tkbf3d80ad495e47b385074708d3760c9d
  response:
    status:
      code: 200
      message: OK
    headers:
      Content-Length:
      - '15'
      Accept-Ranges:
      - bytes
      Last-Modified:
      - Mon, 30 Oct 2017 13:52:47 GMT
      Etag:
      - 2b1f638751fa49d7fba5a64fecf48bb2
      X-Timestamp:
      - '1509371566.91815'
      Content-Type:
      - application/x-www-form-urlencoded
      X-Trans-Id:
      - tx1e4b0e7f53b54509905a9-0059f72eaf
      Date:
      - Mon, 30 Oct 2017 13:52:47 GMT
    body:
      encoding: UTF-8
      string: ''
    http_version: 
  recorded_at: Mon, 30 Oct 2017 13:52:47 GMT
- request:
    method: get
    uri: http://swift.local:12345/auth/v1.0
    body:
      encoding: US-ASCII
      string: ''
    headers:
      X-Auth-User:
      - test:tester
      X-Auth-Key:
      - testing
  response:
    status:
      code: 200
      message: OK
    headers:
      X-Storage-Url:
      - http://swift.local:12345/v1/AUTH_test
      X-Auth-Token:
      - AUTH_tkbf3d80ad495e47b385074708d3760c9d
      Content-Type:
      - text/html; charset=UTF-8
      X-Storage-Token:
      - AUTH_tkbf3d80ad495e47b385074708d3760c9d
      Content-Length:
      - '0'
      X-Trans-Id:
      - tx80d7823994e04433ab34f-0059f72eaf
      Date:
      - Mon, 30 Oct 2017 13:52:47 GMT
    body:
      encoding: UTF-8
      string: ''
    http_version: 
  recorded_at: Mon, 30 Oct 2017 13:52:47 GMT
- request:
    method: delete
    uri: http://swift.local:12345/v1/AUTH_test/ad8e70ef-bc92-4d98-9a4c-96a9174d286e/f3285dd6-165c-4dab-84b3-1fb47ec39803/1
    body:
      encoding: US-ASCII
      string: ''
    headers:
      X-Auth-Token:
      - AUTH_tkbf3d80ad495e47b385074708d3760c9d
  response:
    status:
      code: 204
      message: No Content
    headers:
      Content-Length:
      - '0'
      Content-Type:
      - text/html; charset=UTF-8
      X-Trans-Id:
      - tx47a6d2c787f34c7fa5a02-0059f72eaf
      Date:
      - Mon, 30 Oct 2017 13:52:47 GMT
    body:
      encoding: UTF-8
      string: ''
    http_version: 
  recorded_at: Mon, 30 Oct 2017 13:52:47 GMT
- request:
    method: delete
    uri: http://swift.local:12345/v1/AUTH_test/ad8e70ef-bc92-4d98-9a4c-96a9174d286e/f3285dd6-165c-4dab-84b3-1fb47ec39803?multipart-manifest=delete
    body:
      encoding: US-ASCII
      string: ''
    headers:
      X-Auth-Token:
      - AUTH_tkbf3d80ad495e47b385074708d3760c9d
  response:
    status:
      code: 200
      message: OK
    headers:
      Content-Type:
      - text/plain
      X-Trans-Id:
      - tx53782a9515384f2b9a2d2-0059f72eaf
      Date:
      - Mon, 30 Oct 2017 13:52:47 GMT
      Transfer-Encoding:
      - chunked
    body:
      encoding: UTF-8
      string: "Number Deleted: 1\nNumber Not Found: 1\nResponse Body: \nResponse Status:
        200 OK\nErrors:\n"
    http_version: 
  recorded_at: Mon, 30 Oct 2017 13:52:47 GMT
- request:
    method: head
    uri: http://swift.local:12345/v1/AUTH_test/ad8e70ef-bc92-4d98-9a4c-96a9174d286e/f3285dd6-165c-4dab-84b3-1fb47ec39803
    body:
      encoding: US-ASCII
      string: ''
    headers:
      X-Auth-Token:
      - AUTH_tkbf3d80ad495e47b385074708d3760c9d
  response:
    status:
      code: 404
      message: Not Found
    headers:
      Content-Length:
      - '0'
      Content-Type:
      - text/html; charset=UTF-8
      X-Trans-Id:
      - tx18974d6a14d241c295e98-0059f72eaf
      Date:
      - Mon, 30 Oct 2017 13:52:47 GMT
    body:
      encoding: UTF-8
      string: ''
    http_version: 
  recorded_at: Mon, 30 Oct 2017 13:52:47 GMT
- request:
    method: head
    uri: http://swift.local:12345/v1/AUTH_test/ad8e70ef-bc92-4d98-9a4c-96a9174d286e/f3285dd6-165c-4dab-84b3-1fb47ec39803/1
    body:
      encoding: US-ASCII
      string: ''
    headers:
      X-Auth-Token:
      - AUTH_tkbf3d80ad495e47b385074708d3760c9d
  response:
    status:
      code: 404
      message: Not Found
    headers:
      Content-Length:
      - '0'
      Content-Type:
      - text/html; charset=UTF-8
      X-Trans-Id:
      - txcc01aba276e04beda2ba9-0059f72eaf
      Date:
      - Mon, 30 Oct 2017 13:52:47 GMT
    body:
      encoding: UTF-8
      string: ''
    http_version: 
  recorded_at: Mon, 30 Oct 2017 13:52:47 GMT
- request:
    method: delete
    uri: http://swift.local:12345/v1/AUTH_test/ad8e70ef-bc92-4d98-9a4c-96a9174d286e/f3285dd6-165c-4dab-84b3-1fb47ec39803/1
    body:
      encoding: US-ASCII
      string: ''
    headers:
      X-Auth-Token:
      - AUTH_tkbf3d80ad495e47b385074708d3760c9d
  response:
    status:
      code: 404
      message: Not Found
    headers:
      Content-Length:
      - '70'
      Content-Type:
      - text/html; charset=UTF-8
      X-Trans-Id:
      - tx94785386fd7641baa8d57-0059f72eaf
      Date:
      - Mon, 30 Oct 2017 13:52:47 GMT
    body:
      encoding: UTF-8
      string: "<html><h1>Not Found</h1><p>The resource could not be found.</p></html>"
    http_version: 
  recorded_at: Mon, 30 Oct 2017 13:52:47 GMT
recorded_with: VCR 3.0.3
