---
http_interactions:
- request:
    method: get
    uri: http://192.168.99.100:12345/auth/v1.0
    body:
      encoding: US-ASCII
      string: ''
    headers:
      X-Auth-User:
      - test:tester
      X-Auth-Key:
      - testing
  response:
    status:
      code: 200
      message: OK
    headers:
      X-Storage-Url:
      - http://192.168.99.100:12345/v1/AUTH_test
      X-Auth-Token:
      - AUTH_tk44c4cfa46ef24765804c5c5db6585701
      Content-Type:
      - text/html; charset=UTF-8
      X-Storage-Token:
      - AUTH_tk44c4cfa46ef24765804c5c5db6585701
      Content-Length:
      - '0'
      X-Trans-Id:
      - tx165b01490e334da687fcc-0056e71799
      Date:
      - Mon, 14 Mar 2016 19:57:13 GMT
    body:
      encoding: UTF-8
      string: ''
    http_version: 
  recorded_at: Mon, 14 Mar 2016 19:57:13 GMT
- request:
    method: put
    uri: http://192.168.99.100:12345/v1/AUTH_test/0b025216-bc61-4c24-9887-cd0460f935cb
    body:
      encoding: UTF-8
      string: ''
    headers:
      X-Auth-Token:
      - AUTH_tk44c4cfa46ef24765804c5c5db6585701
      X-Container-Meta-Access-Control-Allow-Origin:
      - "*"
  response:
    status:
      code: 201
      message: Created
    headers:
      Content-Length:
      - '0'
      Content-Type:
      - text/html; charset=UTF-8
      X-Trans-Id:
      - tx80bc11beb22b4540aa195-0056e71799
      Date:
      - Mon, 14 Mar 2016 19:57:13 GMT
    body:
      encoding: UTF-8
      string: ''
    http_version: 
  recorded_at: Mon, 14 Mar 2016 19:57:13 GMT
- request:
    method: put
    uri: http://192.168.99.100:12345/v1/AUTH_test/0b025216-bc61-4c24-9887-cd0460f935cb/c0bf24af-0dc8-479d-85f0-bd7b6e10fe3c/1
    body:
      encoding: UTF-8
      string: this is a chunk
    headers:
      X-Auth-Token:
      - AUTH_tk44c4cfa46ef24765804c5c5db6585701
  response:
    status:
      code: 201
      message: Created
    headers:
      Last-Modified:
      - Mon, 14 Mar 2016 19:57:14 GMT
      Content-Length:
      - '0'
      Etag:
      - 2b1f638751fa49d7fba5a64fecf48bb2
      Content-Type:
      - text/html; charset=UTF-8
      X-Trans-Id:
      - txce6187d278244df2b9dcb-0056e71799
      Date:
      - Mon, 14 Mar 2016 19:57:13 GMT
    body:
      encoding: UTF-8
      string: ''
    http_version: 
  recorded_at: Mon, 14 Mar 2016 19:57:13 GMT
- request:
    method: get
    uri: http://192.168.99.100:12345/auth/v1.0
    body:
      encoding: US-ASCII
      string: ''
    headers:
      X-Auth-User:
      - test:tester
      X-Auth-Key:
      - testing
  response:
    status:
      code: 200
      message: OK
    headers:
      X-Storage-Url:
      - http://192.168.99.100:12345/v1/AUTH_test
      X-Auth-Token:
      - AUTH_tk44c4cfa46ef24765804c5c5db6585701
      Content-Type:
      - text/html; charset=UTF-8
      X-Storage-Token:
      - AUTH_tk44c4cfa46ef24765804c5c5db6585701
      Content-Length:
      - '0'
      X-Trans-Id:
      - tx5f40265290fe47eb87ec3-0056e71799
      Date:
      - Mon, 14 Mar 2016 19:57:13 GMT
    body:
      encoding: UTF-8
      string: ''
    http_version: 
  recorded_at: Mon, 14 Mar 2016 19:57:13 GMT
- request:
    method: put
    uri: http://192.168.99.100:12345/v1/AUTH_test/0b025216-bc61-4c24-9887-cd0460f935cb/c0bf24af-0dc8-479d-85f0-bd7b6e10fe3c?multipart-manifest=put
    body:
      encoding: UTF-8
      string: '[{"path":"0b025216-bc61-4c24-9887-cd0460f935cb/c0bf24af-0dc8-479d-85f0-bd7b6e10fe3c/1","etag":"2b1f638751fa49d7fba5a64fecf48bb2","size_bytes":15}]'
    headers:
      X-Auth-Token:
      - AUTH_tk44c4cfa46ef24765804c5c5db6585701
      Content-Type:
      - text/plain
      Content-Disposition:
      - attachment; filename=cupiditate-fugit
  response:
    status:
      code: 201
      message: Created
    headers:
      Last-Modified:
      - Mon, 14 Mar 2016 19:57:14 GMT
      Content-Length:
      - '0'
      Etag:
      - '"b77622f6f760a1bed182840a7c02a53c"'
      Content-Type:
      - text/html; charset=UTF-8
      X-Trans-Id:
      - tx1b763a10b758476b81b20-0056e71799
      Date:
      - Mon, 14 Mar 2016 19:57:13 GMT
    body:
      encoding: UTF-8
      string: ''
    http_version: 
  recorded_at: Mon, 14 Mar 2016 19:57:13 GMT
- request:
    method: head
    uri: http://192.168.99.100:12345/v1/AUTH_test/0b025216-bc61-4c24-9887-cd0460f935cb/c0bf24af-0dc8-479d-85f0-bd7b6e10fe3c
    body:
      encoding: US-ASCII
      string: ''
    headers:
      X-Auth-Token:
      - AUTH_tk44c4cfa46ef24765804c5c5db6585701
  response:
    status:
      code: 200
      message: OK
    headers:
      Content-Length:
      - '15'
      Content-Disposition:
      - attachment; filename=cupiditate-fugit
      Accept-Ranges:
      - bytes
      Last-Modified:
      - Mon, 14 Mar 2016 19:57:14 GMT
      Etag:
      - '"b77622f6f760a1bed182840a7c02a53c"'
      X-Timestamp:
      - '1457985433.76031'
      X-Static-Large-Object:
      - 'True'
      Content-Type:
      - text/plain
      X-Trans-Id:
      - tx413b9d092a5641b38d436-0056e71799
      Date:
      - Mon, 14 Mar 2016 19:57:13 GMT
    body:
      encoding: UTF-8
      string: ''
    http_version: 
  recorded_at: Mon, 14 Mar 2016 19:57:13 GMT
- request:
    method: delete
    uri: http://192.168.99.100:12345/v1/AUTH_test/0b025216-bc61-4c24-9887-cd0460f935cb/c0bf24af-0dc8-479d-85f0-bd7b6e10fe3c/1?multipart-manifest=delete
    body:
      encoding: US-ASCII
      string: ''
    headers:
      X-Auth-Token:
      - AUTH_tk44c4cfa46ef24765804c5c5db6585701
  response:
    status:
      code: 200
      message: OK
    headers:
      Content-Type:
      - text/plain
      X-Trans-Id:
      - tx0affc4d00e1745e0b25de-0056e71799
      Date:
      - Mon, 14 Mar 2016 19:57:13 GMT
      Transfer-Encoding:
      - chunked
    body:
      encoding: UTF-8
      string: "Number Deleted: 0\nNumber Not Found: 0\nResponse Body: \nResponse Status:
        400 Bad Request\nErrors:\n/0b025216-bc61-4c24-9887-cd0460f935cb/c0bf24af-0dc8-479d-85f0-bd7b6e10fe3c/1,
        Not an SLO manifest"
    http_version: 
  recorded_at: Mon, 14 Mar 2016 19:57:13 GMT
recorded_with: VCR 3.0.0
