---
http_interactions:
- request:
    method: get
    uri: http://192.168.99.100:12345/auth/v1.0
    body:
      encoding: US-ASCII
      string: ''
    headers:
      X-Auth-User:
      - test:tester
      X-Auth-Key:
      - testing
  response:
    status:
      code: 200
      message: OK
    headers:
      X-Storage-Url:
      - http://192.168.99.100:12345/v1/AUTH_test
      X-Auth-Token:
      - AUTH_tk44c4cfa46ef24765804c5c5db6585701
      Content-Type:
      - text/html; charset=UTF-8
      X-Storage-Token:
      - AUTH_tk44c4cfa46ef24765804c5c5db6585701
      Content-Length:
      - '0'
      X-Trans-Id:
      - txaeecff5310e24aa0ac71e-0056e71799
      Date:
      - Mon, 14 Mar 2016 19:57:13 GMT
    body:
      encoding: UTF-8
      string: ''
    http_version: 
  recorded_at: Mon, 14 Mar 2016 19:57:13 GMT
- request:
    method: put
    uri: http://192.168.99.100:12345/v1/AUTH_test/08b5937c-809d-48d8-adf4-2c1dfa7ca90f
    body:
      encoding: UTF-8
      string: ''
    headers:
      X-Auth-Token:
      - AUTH_tk44c4cfa46ef24765804c5c5db6585701
      X-Container-Meta-Access-Control-Allow-Origin:
      - "*"
  response:
    status:
      code: 201
      message: Created
    headers:
      Content-Length:
      - '0'
      Content-Type:
      - text/html; charset=UTF-8
      X-Trans-Id:
      - tx2b2a0aa0f70841d9b8faa-0056e71799
      Date:
      - Mon, 14 Mar 2016 19:57:13 GMT
    body:
      encoding: UTF-8
      string: ''
    http_version: 
  recorded_at: Mon, 14 Mar 2016 19:57:13 GMT
- request:
    method: put
    uri: http://192.168.99.100:12345/v1/AUTH_test/08b5937c-809d-48d8-adf4-2c1dfa7ca90f/add9cf93-c5a5-444f-a8a2-3d3a9a470048/1
    body:
      encoding: UTF-8
      string: this is a chunk
    headers:
      X-Auth-Token:
      - AUTH_tk44c4cfa46ef24765804c5c5db6585701
  response:
    status:
      code: 201
      message: Created
    headers:
      Last-Modified:
      - Mon, 14 Mar 2016 19:57:14 GMT
      Content-Length:
      - '0'
      Etag:
      - 2b1f638751fa49d7fba5a64fecf48bb2
      Content-Type:
      - text/html; charset=UTF-8
      X-Trans-Id:
      - tx53637e199a1942249d1b6-0056e71799
      Date:
      - Mon, 14 Mar 2016 19:57:13 GMT
    body:
      encoding: UTF-8
      string: ''
    http_version: 
  recorded_at: Mon, 14 Mar 2016 19:57:13 GMT
- request:
    method: get
    uri: http://192.168.99.100:12345/auth/v1.0
    body:
      encoding: US-ASCII
      string: ''
    headers:
      X-Auth-User:
      - test:tester
      X-Auth-Key:
      - testing
  response:
    status:
      code: 200
      message: OK
    headers:
      X-Storage-Url:
      - http://192.168.99.100:12345/v1/AUTH_test
      X-Auth-Token:
      - AUTH_tk44c4cfa46ef24765804c5c5db6585701
      Content-Type:
      - text/html; charset=UTF-8
      X-Storage-Token:
      - AUTH_tk44c4cfa46ef24765804c5c5db6585701
      Content-Length:
      - '0'
      X-Trans-Id:
      - tx55ab2c5b7e7449e7a1213-0056e71799
      Date:
      - Mon, 14 Mar 2016 19:57:13 GMT
    body:
      encoding: UTF-8
      string: ''
    http_version: 
  recorded_at: Mon, 14 Mar 2016 19:57:13 GMT
- request:
    method: put
    uri: http://192.168.99.100:12345/v1/AUTH_test/08b5937c-809d-48d8-adf4-2c1dfa7ca90f/add9cf93-c5a5-444f-a8a2-3d3a9a470048?multipart-manifest=put
    body:
      encoding: UTF-8
      string: '[{"path":"08b5937c-809d-48d8-adf4-2c1dfa7ca90f/add9cf93-c5a5-444f-a8a2-3d3a9a470048/1","etag":"2b1f638751fa49d7fba5a64fecf48bb2","size_bytes":15}]'
    headers:
      X-Auth-Token:
      - AUTH_tk44c4cfa46ef24765804c5c5db6585701
      Content-Type:
      - text/plain
      Content-Disposition:
      - attachment; filename=asperiores_quia
  response:
    status:
      code: 201
      message: Created
    headers:
      Last-Modified:
      - Mon, 14 Mar 2016 19:57:14 GMT
      Content-Length:
      - '0'
      Etag:
      - '"b77622f6f760a1bed182840a7c02a53c"'
      Content-Type:
      - text/html; charset=UTF-8
      X-Trans-Id:
      - tx03ec1aaa653345eaad9cf-0056e71799
      Date:
      - Mon, 14 Mar 2016 19:57:13 GMT
    body:
      encoding: UTF-8
      string: ''
    http_version: 
  recorded_at: Mon, 14 Mar 2016 19:57:13 GMT
- request:
    method: head
    uri: http://192.168.99.100:12345/v1/AUTH_test/08b5937c-809d-48d8-adf4-2c1dfa7ca90f/add9cf93-c5a5-444f-a8a2-3d3a9a470048
    body:
      encoding: US-ASCII
      string: ''
    headers:
      X-Auth-Token:
      - AUTH_tk44c4cfa46ef24765804c5c5db6585701
  response:
    status:
      code: 200
      message: OK
    headers:
      Content-Length:
      - '15'
      Content-Disposition:
      - attachment; filename=asperiores_quia
      Accept-Ranges:
      - bytes
      Last-Modified:
      - Mon, 14 Mar 2016 19:57:14 GMT
      Etag:
      - '"b77622f6f760a1bed182840a7c02a53c"'
      X-Timestamp:
      - '1457985433.47142'
      X-Static-Large-Object:
      - 'True'
      Content-Type:
      - text/plain
      X-Trans-Id:
      - txc884d8ffd2d8406fad796-0056e71799
      Date:
      - Mon, 14 Mar 2016 19:57:13 GMT
    body:
      encoding: UTF-8
      string: ''
    http_version: 
  recorded_at: Mon, 14 Mar 2016 19:57:13 GMT
- request:
    method: delete
    uri: http://192.168.99.100:12345/v1/AUTH_test/08b5937c-809d-48d8-adf4-2c1dfa7ca90f/add9cf93-c5a5-444f-a8a2-3d3a9a470048/1?multipart-manifest=delete
    body:
      encoding: US-ASCII
      string: ''
    headers:
      X-Auth-Token:
      - AUTH_tk44c4cfa46ef24765804c5c5db6585701
  response:
    status:
      code: 200
      message: OK
    headers:
      Content-Type:
      - text/plain
      X-Trans-Id:
      - tx881b8c01ff994fb2a579b-0056e71799
      Date:
      - Mon, 14 Mar 2016 19:57:13 GMT
      Transfer-Encoding:
      - chunked
    body:
      encoding: UTF-8
      string: "Number Deleted: 0\nNumber Not Found: 0\nResponse Body: \nResponse Status:
        400 Bad Request\nErrors:\n/08b5937c-809d-48d8-adf4-2c1dfa7ca90f/add9cf93-c5a5-444f-a8a2-3d3a9a470048/1,
        Not an SLO manifest"
    http_version: 
  recorded_at: Mon, 14 Mar 2016 19:57:13 GMT
recorded_with: VCR 3.0.0
