---
http_interactions:
- request:
    method: get
    uri: http://swift.local:12345/auth/v1.0
    body:
      encoding: US-ASCII
      string: ''
    headers:
      X-Auth-User:
      - test:tester
      X-Auth-Key:
      - testing
  response:
    status:
      code: 200
      message: OK
    headers:
      X-Storage-Url:
      - http://swift.local:12345/v1/AUTH_test
      X-Auth-Token:
      - AUTH_tk32e7a977a0e8471a96024213ca3d9a1e
      Content-Type:
      - text/html; charset=UTF-8
      X-Storage-Token:
      - AUTH_tk32e7a977a0e8471a96024213ca3d9a1e
      Content-Length:
      - '0'
      X-Trans-Id:
      - txb483be7663bd45a8a8d42-0059d6849a
      Date:
      - Thu, 05 Oct 2017 19:14:34 GMT
    body:
      encoding: UTF-8
      string: ''
    http_version:
  recorded_at: Thu, 05 Oct 2017 19:14:34 GMT
- request:
    method: post
    uri: http://swift.local:12345/v1/AUTH_test
    body:
      encoding: UTF-8
      string: ''
    headers:
      X-Auth-Token:
      - AUTH_tk32e7a977a0e8471a96024213ca3d9a1e
      X-Account-Meta-Temp-Url-Key:
      - 5e9dcea2f587de9ffc98c80f41ecf162
      X-Account-Meta-Temp-Url-Key-2:
      - fe4bb9b7bcdfa341888e85be6b46484c
  response:
    status:
      code: 204
      message: No Content
    headers:
      Content-Length:
      - '0'
      Content-Type:
      - text/html; charset=UTF-8
      X-Trans-Id:
      - txced62b73d9b54f9f94f51-0059d6849a
      Date:
      - Thu, 05 Oct 2017 19:14:34 GMT
    body:
      encoding: UTF-8
      string: ''
    http_version:
  recorded_at: Thu, 05 Oct 2017 19:14:34 GMT
- request:
    method: get
    uri: http://swift.local:12345/auth/v1.0
    body:
      encoding: US-ASCII
      string: ''
    headers:
      X-Auth-User:
      - test:tester
      X-Auth-Key:
      - testing
  response:
    status:
      code: 200
      message: OK
    headers:
      X-Storage-Url:
      - http://swift.local:12345/v1/AUTH_test
      X-Auth-Token:
      - AUTH_tk32e7a977a0e8471a96024213ca3d9a1e
      Content-Type:
      - text/html; charset=UTF-8
      X-Storage-Token:
      - AUTH_tk32e7a977a0e8471a96024213ca3d9a1e
      Content-Length:
      - '0'
      X-Trans-Id:
      - tx03ec1fa982d24f78923cd-0059d6849a
      Date:
      - Thu, 05 Oct 2017 19:14:34 GMT
    body:
      encoding: UTF-8
      string: ''
    http_version:
  recorded_at: Thu, 05 Oct 2017 19:14:34 GMT
- request:
    method: get
    uri: http://swift.local:12345/v1/AUTH_test
    body:
      encoding: US-ASCII
      string: ''
    headers:
      X-Auth-Token:
      - AUTH_tk32e7a977a0e8471a96024213ca3d9a1e
  response:
    status:
      code: 204
      message: No Content
    headers:
      Content-Length:
      - '0'
      X-Account-Object-Count:
      - '0'
      X-Account-Meta-Temp-Url-Key-2:
      - fe4bb9b7bcdfa341888e85be6b46484c
      X-Timestamp:
      - '1507229820.25879'
      X-Account-Meta-Temp-Url-Key:
      - 5e9dcea2f587de9ffc98c80f41ecf162
      X-Account-Bytes-Used:
      - '0'
      X-Account-Container-Count:
      - '0'
      Content-Type:
      - text/plain; charset=utf-8
      Accept-Ranges:
      - bytes
      X-Trans-Id:
      - tx89a7599bdab14f719d8e7-0059d6849a
      Date:
      - Thu, 05 Oct 2017 19:14:34 GMT
    body:
      encoding: UTF-8
      string: ''
    http_version:
  recorded_at: Thu, 05 Oct 2017 19:14:34 GMT
recorded_with: VCR 3.0.3
