---
http_interactions:
- request:
    method: get
    uri: http://swift.local:12345/auth/v1.0
    body:
      encoding: US-ASCII
      string: ''
    headers:
      X-Auth-User:
      - test:tester
      X-Auth-Key:
      - testing
  response:
    status:
      code: 200
      message: OK
    headers:
      X-Storage-Url:
      - http://swift.local:12345/v1/AUTH_test
      X-Auth-Token:
      - AUTH_tkc67f93f2e04e49ea9d62478bb3672ea3
      Content-Type:
      - text/html; charset=UTF-8
      X-Storage-Token:
      - AUTH_tkc67f93f2e04e49ea9d62478bb3672ea3
      Content-Length:
      - '0'
      X-Trans-Id:
      - txb2cfb75c29ba4cf397488-0057aa0ef3
      Date:
      - Tue, 09 Aug 2016 17:12:19 GMT
    body:
      encoding: UTF-8
      string: ''
    http_version: 
  recorded_at: Tue, 09 Aug 2016 17:12:19 GMT
- request:
    method: put
    uri: http://swift.local:12345/v1/AUTH_test/the_container
    body:
      encoding: UTF-8
      string: ''
    headers:
      X-Auth-Token:
      - AUTH_tkc67f93f2e04e49ea9d62478bb3672ea3
      X-Container-Meta-Access-Control-Allow-Origin:
      - "*"
  response:
    status:
      code: 202
      message: Accepted
    headers:
      Content-Length:
      - '76'
      Content-Type:
      - text/html; charset=UTF-8
      X-Trans-Id:
      - txd8a20606b5df46feb53f0-0057aa0ef3
      Date:
      - Tue, 09 Aug 2016 17:12:19 GMT
    body:
      encoding: UTF-8
      string: "<html><h1>Accepted</h1><p>The request is accepted for processing.</p></html>"
    http_version: 
  recorded_at: Tue, 09 Aug 2016 17:12:19 GMT
- request:
    method: put
    uri: http://swift.local:12345/v1/AUTH_test/the_container/the_object/1
    body:
      encoding: UTF-8
      string: This is the object body!
    headers:
      X-Auth-Token:
      - AUTH_tkc67f93f2e04e49ea9d62478bb3672ea3
  response:
    status:
      code: 201
      message: Created
    headers:
      Last-Modified:
      - Tue, 09 Aug 2016 17:12:20 GMT
      Content-Length:
      - '0'
      Etag:
      - 9e42a695a672299a8fd4e9b5195e7d70
      Content-Type:
      - text/html; charset=UTF-8
      X-Trans-Id:
      - txa2e4a3f263a84d47b05f7-0057aa0ef3
      Date:
      - Tue, 09 Aug 2016 17:12:19 GMT
    body:
      encoding: UTF-8
      string: ''
    http_version: 
  recorded_at: Tue, 09 Aug 2016 17:12:19 GMT
- request:
    method: delete
    uri: http://swift.local:12345/v1/AUTH_test/the_container/the_object/1
    body:
      encoding: US-ASCII
      string: ''
    headers:
      X-Auth-Token:
      - AUTH_tkc67f93f2e04e49ea9d62478bb3672ea3
  response:
    status:
      code: 204
      message: No Content
    headers:
      Content-Length:
      - '0'
      Content-Type:
      - text/html; charset=UTF-8
      X-Trans-Id:
      - tx27303bef75984aedb54a7-0057aa0ef3
      Date:
      - Tue, 09 Aug 2016 17:12:19 GMT
    body:
      encoding: UTF-8
      string: ''
    http_version: 
  recorded_at: Tue, 09 Aug 2016 17:12:19 GMT
recorded_with: VCR 3.0.3
