---
http_interactions:
- request:
    method: get
    uri: http://192.168.99.100:12345/auth/v1.0
    body:
      encoding: US-ASCII
      string: ''
    headers:
      X-Auth-User:
      - test:tester
      X-Auth-Key:
      - testing
  response:
    status:
      code: 200
      message: OK
    headers:
      X-Storage-Url:
      - http://192.168.99.100:12345/v1/AUTH_test
      X-Auth-Token:
      - AUTH_tkfefa8ea72f214bc481de1541cfad5d20
      Content-Type:
      - text/html; charset=UTF-8
      X-Storage-Token:
      - AUTH_tkfefa8ea72f214bc481de1541cfad5d20
      Content-Length:
      - '0'
      X-Trans-Id:
      - txadf473604e6b49639b143-0056e6fae3
      Date:
      - Mon, 14 Mar 2016 17:54:43 GMT
    body:
      encoding: UTF-8
      string: ''
    http_version: 
  recorded_at: Mon, 14 Mar 2016 17:54:43 GMT
- request:
    method: put
    uri: http://192.168.99.100:12345/v1/AUTH_test/the_container
    body:
      encoding: UTF-8
      string: ''
    headers:
      X-Auth-Token:
      - AUTH_tkfefa8ea72f214bc481de1541cfad5d20
      X-Container-Meta-Access-Control-Allow-Origin:
      - "*"
  response:
    status:
      code: 202
      message: Accepted
    headers:
      Content-Length:
      - '76'
      Content-Type:
      - text/html; charset=UTF-8
      X-Trans-Id:
      - txa44d977bacff4c408545e-0056e6fae3
      Date:
      - Mon, 14 Mar 2016 17:54:43 GMT
    body:
      encoding: UTF-8
      string: "<html><h1>Accepted</h1><p>The request is accepted for processing.</p></html>"
    http_version: 
  recorded_at: Mon, 14 Mar 2016 17:54:43 GMT
- request:
    method: put
    uri: http://192.168.99.100:12345/v1/AUTH_test/the_container/the_object/1
    body:
      encoding: UTF-8
      string: This is the object body!
    headers:
      X-Auth-Token:
      - AUTH_tkfefa8ea72f214bc481de1541cfad5d20
  response:
    status:
      code: 201
      message: Created
    headers:
      Last-Modified:
      - Mon, 14 Mar 2016 17:54:44 GMT
      Content-Length:
      - '0'
      Etag:
      - 9e42a695a672299a8fd4e9b5195e7d70
      Content-Type:
      - text/html; charset=UTF-8
      X-Trans-Id:
      - tx9918cbb487844a8c85f98-0056e6fae3
      Date:
      - Mon, 14 Mar 2016 17:54:43 GMT
    body:
      encoding: UTF-8
      string: ''
    http_version: 
  recorded_at: Mon, 14 Mar 2016 17:54:43 GMT
- request:
    method: head
    uri: http://192.168.99.100:12345/v1/AUTH_test/the_container/the_object/1
    body:
      encoding: US-ASCII
      string: ''
    headers:
      X-Auth-Token:
      - AUTH_tkfefa8ea72f214bc481de1541cfad5d20
  response:
    status:
      code: 200
      message: OK
    headers:
      Content-Length:
      - '24'
      Accept-Ranges:
      - bytes
      Last-Modified:
      - Mon, 14 Mar 2016 17:54:44 GMT
      Etag:
      - 9e42a695a672299a8fd4e9b5195e7d70
      X-Timestamp:
      - '1457978083.26197'
      Content-Type:
      - application/x-www-form-urlencoded
      X-Trans-Id:
      - tx4c3389218fe944a78eb19-0056e6fae3
      Date:
      - Mon, 14 Mar 2016 17:54:43 GMT
    body:
      encoding: UTF-8
      string: ''
    http_version: 
  recorded_at: Mon, 14 Mar 2016 17:54:43 GMT
recorded_with: VCR 3.0.0
