---
http_interactions:
- request:
    method: get
    uri: http://swift.local:12345/auth/v1.0
    body:
      encoding: US-ASCII
      string: ''
    headers:
      X-Auth-User:
      - test:tester
      X-Auth-Key:
      - testing
  response:
    status:
      code: 200
      message: OK
    headers:
      X-Storage-Url:
      - http://swift.local:12345/v1/AUTH_test
      X-Auth-Token:
      - AUTH_tkc67f93f2e04e49ea9d62478bb3672ea3
      Content-Type:
      - text/html; charset=UTF-8
      X-Storage-Token:
      - AUTH_tkc67f93f2e04e49ea9d62478bb3672ea3
      Content-Length:
      - '0'
      X-Trans-Id:
      - tx5c72d34c4f244aed9e478-0057aa0ef2
      Date:
      - Tue, 09 Aug 2016 17:12:18 GMT
    body:
      encoding: UTF-8
      string: ''
    http_version: 
  recorded_at: Tue, 09 Aug 2016 17:12:18 GMT
- request:
    method: put
    uri: http://swift.local:12345/v1/AUTH_test/the_container
    body:
      encoding: UTF-8
      string: ''
    headers:
      X-Auth-Token:
      - AUTH_tkc67f93f2e04e49ea9d62478bb3672ea3
      X-Container-Meta-Access-Control-Allow-Origin:
      - "*"
  response:
    status:
      code: 202
      message: Accepted
    headers:
      Content-Length:
      - '76'
      Content-Type:
      - text/html; charset=UTF-8
      X-Trans-Id:
      - tx2936a0c69b3d4600ba394-0057aa0ef2
      Date:
      - Tue, 09 Aug 2016 17:12:18 GMT
    body:
      encoding: UTF-8
      string: "<html><h1>Accepted</h1><p>The request is accepted for processing.</p></html>"
    http_version: 
  recorded_at: Tue, 09 Aug 2016 17:12:18 GMT
- request:
    method: put
    uri: http://swift.local:12345/v1/AUTH_test/the_container/the_object/1
    body:
      encoding: UTF-8
      string: This is the object body!
    headers:
      X-Auth-Token:
      - AUTH_tkc67f93f2e04e49ea9d62478bb3672ea3
  response:
    status:
      code: 201
      message: Created
    headers:
      Last-Modified:
      - Tue, 09 Aug 2016 17:12:19 GMT
      Content-Length:
      - '0'
      Etag:
      - 9e42a695a672299a8fd4e9b5195e7d70
      Content-Type:
      - text/html; charset=UTF-8
      X-Trans-Id:
      - txc27e18d138b24d83b22f8-0057aa0ef2
      Date:
      - Tue, 09 Aug 2016 17:12:18 GMT
    body:
      encoding: UTF-8
      string: ''
    http_version: 
  recorded_at: Tue, 09 Aug 2016 17:12:18 GMT
- request:
    method: put
    uri: http://swift.local:12345/v1/AUTH_test/the_container/the_slo?multipart-manifest=put
    body:
      encoding: UTF-8
      string: '[{"path":"the_container/the_object/1","etag":"9e42a695a672299a8fd4e9b5195e7d70","size_bytes":24}]'
    headers:
      X-Auth-Token:
      - AUTH_tkc67f93f2e04e49ea9d62478bb3672ea3
  response:
    status:
      code: 201
      message: Created
    headers:
      Last-Modified:
      - Tue, 09 Aug 2016 17:12:19 GMT
      Content-Length:
      - '0'
      Etag:
      - '"70f457e8bdf12b30ed18c5b110740c2e"'
      Content-Type:
      - text/html; charset=UTF-8
      X-Trans-Id:
      - tx02528e0ae2e64ac88961a-0057aa0ef2
      Date:
      - Tue, 09 Aug 2016 17:12:18 GMT
    body:
      encoding: UTF-8
      string: ''
    http_version: 
  recorded_at: Tue, 09 Aug 2016 17:12:18 GMT
- request:
    method: head
    uri: http://swift.local:12345/v1/AUTH_test/the_container
    body:
      encoding: US-ASCII
      string: ''
    headers:
      X-Auth-Token:
      - AUTH_tkc67f93f2e04e49ea9d62478bb3672ea3
  response:
    status:
      code: 204
      message: No Content
    headers:
      Content-Length:
      - '0'
      X-Container-Object-Count:
      - '2'
      Accept-Ranges:
      - bytes
      X-Timestamp:
      - '1470762738.52529'
      X-Container-Meta-Access-Control-Allow-Origin:
      - "*"
      X-Container-Bytes-Used:
      - '222'
      Content-Type:
      - text/plain; charset=utf-8
      X-Trans-Id:
      - tx929ed3d36c3147b5a9334-0057aa0ef2
      Date:
      - Tue, 09 Aug 2016 17:12:18 GMT
    body:
      encoding: UTF-8
      string: ''
    http_version: 
  recorded_at: Tue, 09 Aug 2016 17:12:18 GMT
- request:
    method: get
    uri: http://swift.local:12345/v1/AUTH_test/the_container
    body:
      encoding: US-ASCII
      string: ''
    headers:
      X-Auth-Token:
      - AUTH_tkc67f93f2e04e49ea9d62478bb3672ea3
  response:
    status:
      code: 200
      message: OK
    headers:
      Content-Length:
      - '21'
      X-Container-Object-Count:
      - '2'
      Accept-Ranges:
      - bytes
      X-Timestamp:
      - '1470762738.52529'
      X-Container-Meta-Access-Control-Allow-Origin:
      - "*"
      X-Container-Bytes-Used:
      - '222'
      Content-Type:
      - text/plain; charset=utf-8
      X-Trans-Id:
      - tx644584933fab4b1090f13-0057aa0ef2
      Date:
      - Tue, 09 Aug 2016 17:12:18 GMT
    body:
      encoding: UTF-8
      string: |
        the_object/1
        the_slo
    http_version: 
  recorded_at: Tue, 09 Aug 2016 17:12:18 GMT
recorded_with: VCR 3.0.3
